// Jest Snapshot v1, https://goo.gl/fbAQLP

exports[`renders pages correctly 1`] = `
<div
  className="welcome"
>
  <h1>
     Welcome to Our Page
  </h1>
  <p>
    Counting objects, inside and outside, longer and shorter, letter names, rhyming words, and more. Comparing numbers, names of shapes, consonant and vowel sounds, sight words, and more. Adding and subtracting, tens and ones, telling time, categories, nouns, verb tense, time order, and more. Place-value models, contractions, irregular plurals, plants and animals, historical figures, and more. Multiplying and dividing, bar graphs, pronouns, possessives, weather and climate, geography, and more
  </p>
  <p>
    Counting objects, inside and outside, longer and shorter, letter names, rhyming words, and more. Comparing numbers, names of shapes, consonant and vowel sounds, sight words, and more. Adding and subtracting, tens and ones, telling time, categories, nouns, verb tense, time order, and more. Place-value models, contractions, irregular plurals, plants and animals, historical figures, and more. Multiplying and dividing, bar graphs, pronouns, possessives, weather and climate, geography, and more
  </p>
</div>
`;
